193852534716354284621558035432233804658523380465751120587292233804660596326284277060147581942919982721177983825429709425013040252714032301541000262434591642128716605592400102183806465757423168216848754472284985787193852534716354284621558035432233804658523380465751120587292233804660596326284277060147581942919982721177983825429709425013040252714032301541000262434591642128716605592400102183806465757423168216848754472284985787193852534716354284621558035432233804658523380465751120587292233804660596326284277060147581942919982721177983825429709425013040252714032301541000262434591642128716605592400102183806465757423168216848754472284985787193852534716354284621558035432233804658523380465751120587292233804660596326284277060147581942919982721177983825429709425013040252714032301541000262434591642128716605592400102183806465757423168216848754472284985787ジェリーフィッシュ (feat. ローラーガール)-YunomiNa Pu Le Pa Po Le No (Nyanpasu)-Zixx90 Proof (with J. Cole)-SminoOut Of Love (feat. Internet Money)-Lil TeccaGreat Teacher Onizuka Ending "Last Piece" - Dancehall Remix-BakrouThe Count (feat. Wiz Khalifa)-Curren$yPussy & Millions (feat. Travis Scott)-DrakeNiagara Falls (Foot or 2) [with Travis Scott & 21 Savage]-Metro BoominEnjoy Yourself (feat. Karol G)-Pop Smoke7832570722794160{Flex'}-ScarlxrdGO (feat. Juice WRLD)-The Kid LAROIEx-Kariiルージュの伝言-Yumi Arai30852461779614157Под Звездопадом-Tima Belorusskih1782231717Hold Me-Mishaal Tamer2281606627Champion (feat. Travis Scott)-NAVMillion Dollars Worth of Game (feat. 42 Dugg)-2 ChainzWolves (feat. Post Malone)-Big SeanI’m Tired (with Zendaya) - Bonus Track-Labrinthill come back to you (feat. Sarcastic Sounds & Rxseboy)-PowfuBaguettes in the Face (feat. NAV, Playboi Carti & A Boogie Wit da Hoodie)-Mustard15572351921509918672A Cruel Angel's Thesis - Director's Edit Version-Shiro SAGISUvice city-Hoodieabe21257942571171495792B.B. King Freestyle (with Drake)-Lil WayneMi Amor-SasortiraBetrayal (feat. Drake)-Trippie ReddMatt Hardy 999 (feat. Juice WRLD)-Trippie ReddFair Trade (with Travis Scott)-DrakeLove All (with JAY-Z)-DrakeIMY2 (with Kid Cudi)-Drake41846811476282742Forbidden Fruit (feat. Kendrick Lamar)-J. ColeZeus (feat. White Gold)-EminemForbidden Fruit (feat. Kendrick Lamar)-J. ColeREPEAT IT (with Gunna)-Lil Teccap r i d e . i s . t h e . d e v i l (with Lil Baby)-J. ColeLove$ick (feat. A$AP Rocky)-Mura Masa67929157Hello (feat. A Boogie Wit da Hoodie)-Pop SmokeBLIND (feat. Young Thug)-DaBaby2115039357bad vibes forever (feat. PnB Rock & Trippie Redd)-XXXTENTACION5118402529612476222256352257101764813NOHO (feat. ICECOLDBISHOP)-AG ClubIntrovert (feat. Joji)-Rich Brian67929157Real Shit (with benny blanco)-Juice WRLD1384697402OG's (feat. Chillinit)-Bliss n Esoinfinity (888) - feat. Joey Bada$$-XXXTENTACION81365762119437250Safe in My Arms-Slim Beavis919708552fools (can't help falling in love) (feat. Sody)-Foster8186501621024910272Stuck In A Dream (feat. Gunna)-Lil Mosey744293295254404Wants and Needs (feat. Lil Baby)-Drake724098462Résidus-ValdBrrr - & Asdek feat. Laylow & Rim'k-Vladimir Cauchemar156332048212374600526142404567354825Beautiful Mistakes (feat. Megan Thee Stallion)-Maroon 51398464922No Return (with The Kid LAROI & Lil Durk)-Polo G660061262583177772Tribe (with J. Cole)-BasBakamitai - Taxi Driver Edition-桐生一馬(黒田崇矢)Under The Sun (with J. Cole & Lute feat. DaBaby)-Dreamville-PILL BREAKER (feat. blackbear & Machine Gun Kelly)-Trippie Redd10 Toes-070 Phi2115030467Broken (with Lil Skies & Noah Cyrus)-LundSage Tales-Shadow SageDemons (feat. Fivio Foreign & Sosa Geek)-DrakePain 1993 (with Playboi Carti)-DrakeChicago Freestyle (feat. Giveon)-Drake